{"id": "None","format": "Biological Observation Matrix 1.0.0","format_url": "http://biom-format.org","matrix_type": "sparse","generated_by": "BIOM-Format 2.1.7","date": "2019-08-16T12:17:47.299854","type": "OTU table","matrix_element_type": "float","shape": [44, 1],"data": [[0,0,682.0],[1,0,58.0],[2,0,14.0],[3,0,8.0],[4,0,4.0],[5,0,1.0],[6,0,316.0],[7,0,1.0],[8,0,3.0],[9,0,1.0],[10,0,1.0],[11,0,1.0],[12,0,1.0],[13,0,1.0],[14,0,2.0],[15,0,11.0],[16,0,1.0],[17,0,1.0],[18,0,246.0],[19,0,2.0],[20,0,1.0],[21,0,2.0],[22,0,8.0],[23,0,29.0],[24,0,3.0],[25,0,4.0],[26,0,8.0],[27,0,1.0],[28,0,16.0],[29,0,17.0],[30,0,1.0],[31,0,3.0],[32,0,10.0],[33,0,10.0],[34,0,1.0],[35,0,1.0],[36,0,1.0],[37,0,1.0],[38,0,7.0],[39,0,33.0],[40,0,2.0],[41,0,1.0],[42,0,6.0],[43,0,1.0]],"rows": [{"id": "1", "metadata": {"taxonomy": "sk__Eukaryota;k__Fungi"}},{"id": "2", "metadata": {"taxonomy": "sk__Eukaryota;k__Fungi;p__;c__;o__;f__;g__;s__uncultured_fungus"}},{"id": "3", "metadata": {"taxonomy": "sk__Eukaryota;k__Fungi;p__Ascomycota"}},{"id": "4", "metadata": {"taxonomy": "sk__Eukaryota;k__Fungi;p__Ascomycota;c__Dothideomycetes;o__Pleosporales"}},{"id": "7", "metadata": {"taxonomy": "sk__Eukaryota;k__Fungi;p__Ascomycota;c__Dothideomycetes;o__Pleosporales;f__Didymellaceae"}},{"id": "8", "metadata": {"taxonomy": "sk__Eukaryota;k__Fungi;p__Ascomycota;c__Dothideomycetes;o__Pleosporales;f__Didymellaceae;g__Ectophoma"}},{"id": "9", "metadata": {"taxonomy": "sk__Eukaryota;k__Fungi;p__Ascomycota;c__Dothideomycetes;o__Pleosporales;f__Didymellaceae;g__Ectophoma;s__Ectophoma_multirostrata"}},{"id": "11", "metadata": {"taxonomy": "sk__Eukaryota;k__Fungi;p__Ascomycota;c__Dothideomycetes;o__Pleosporales;f__Leptosphaeriaceae;g__Plenodomus;s__Plenodomus_lindquistii"}},{"id": "12", "metadata": {"taxonomy": "sk__Eukaryota;k__Fungi;p__Ascomycota;c__Dothideomycetes;o__Pleosporales;f__Periconiaceae;g__Periconia;s__Periconia_macrospinosa"}},{"id": "13", "metadata": {"taxonomy": "sk__Eukaryota;k__Fungi;p__Ascomycota;c__Dothideomycetes;o__Pleosporales;f__Pleosporaceae;g__Curvularia;s__Curvularia_papendorfii"}},{"id": "16", "metadata": {"taxonomy": "sk__Eukaryota;k__Fungi;p__Ascomycota;c__Eurotiomycetes;o__Chaetothyriales;f__Herpotrichiellaceae;g__Exophiala"}},{"id": "17", "metadata": {"taxonomy": "sk__Eukaryota;k__Fungi;p__Ascomycota;c__Eurotiomycetes;o__Chaetothyriales;f__Herpotrichiellaceae;g__Exophiala;s__Exophiala_salmonis"}},{"id": "18", "metadata": {"taxonomy": "sk__Eukaryota;k__Fungi;p__Ascomycota;c__Eurotiomycetes;o__Chaetothyriales;f__Herpotrichiellaceae;g__Exophiala;s__Exophiala_sp._2_TMS-2011"}},{"id": "19", "metadata": {"taxonomy": "sk__Eukaryota;k__Fungi;p__Ascomycota;c__Eurotiomycetes;o__Eurotiales"}},{"id": "20", "metadata": {"taxonomy": "sk__Eukaryota;k__Fungi;p__Ascomycota;c__Eurotiomycetes;o__Eurotiales;f__Aspergillaceae"}},{"id": "23", "metadata": {"taxonomy": "sk__Eukaryota;k__Fungi;p__Ascomycota;c__Sordariomycetes"}},{"id": "24", "metadata": {"taxonomy": "sk__Eukaryota;k__Fungi;p__Ascomycota;c__Sordariomycetes;o__Coniochaetales;f__Coniochaetaceae;g__Coniochaeta"}},{"id": "25", "metadata": {"taxonomy": "sk__Eukaryota;k__Fungi;p__Ascomycota;c__Sordariomycetes;o__Coniochaetales;f__Coniochaetaceae;g__Coniochaeta;s__Coniochaeta_canina"}},{"id": "26", "metadata": {"taxonomy": "sk__Eukaryota;k__Fungi;p__Ascomycota;c__Sordariomycetes;o__Hypocreales"}},{"id": "27", "metadata": {"taxonomy": "sk__Eukaryota;k__Fungi;p__Ascomycota;c__Sordariomycetes;o__Hypocreales;f__Hypocreaceae"}},{"id": "28", "metadata": {"taxonomy": "sk__Eukaryota;k__Fungi;p__Ascomycota;c__Sordariomycetes;o__Hypocreales;f__Nectriaceae"}},{"id": "29", "metadata": {"taxonomy": "sk__Eukaryota;k__Fungi;p__Ascomycota;c__Sordariomycetes;o__Hypocreales;f__Nectriaceae;g__Fusarium"}},{"id": "30", "metadata": {"taxonomy": "sk__Eukaryota;k__Fungi;p__Ascomycota;c__Sordariomycetes;o__Hypocreales;f__Nectriaceae;g__Fusarium;s__Fusarium_oxysporum"}},{"id": "31", "metadata": {"taxonomy": "sk__Eukaryota;k__Fungi;p__Ascomycota;c__Sordariomycetes;o__Hypocreales;f__Nectriaceae;g__Fusarium;s__Fusarium_sp._CB-3"}},{"id": "32", "metadata": {"taxonomy": "sk__Eukaryota;k__Fungi;p__Ascomycota;c__Sordariomycetes;o__Hypocreales;f__Nectriaceae;g__Fusarium;s__Fusarium_sp._Ecu311"}},{"id": "33", "metadata": {"taxonomy": "sk__Eukaryota;k__Fungi;p__Ascomycota;c__Sordariomycetes;o__Hypocreales;f__Nectriaceae;g__Fusarium;s__Fusarium_sp._OTU930"}},{"id": "34", "metadata": {"taxonomy": "sk__Eukaryota;k__Fungi;p__Ascomycota;c__Sordariomycetes;o__Microascales"}},{"id": "35", "metadata": {"taxonomy": "sk__Eukaryota;k__Fungi;p__Ascomycota;c__Sordariomycetes;o__Sordariales;f__Lasiosphaeriaceae"}},{"id": "36", "metadata": {"taxonomy": "sk__Eukaryota;k__Fungi;p__Ascomycota;c__Sordariomycetes;o__Sordariales;f__Lasiosphaeriaceae;g__Podospora"}},{"id": "37", "metadata": {"taxonomy": "sk__Eukaryota;k__Fungi;p__Ascomycota;c__Sordariomycetes;o__Sordariales;f__Lasiosphaeriaceae;g__Podospora;s__Podospora_sp._3139"}},{"id": "38", "metadata": {"taxonomy": "sk__Eukaryota;k__Fungi;p__Ascomycota;c__Sordariomycetes;o__Xylariales;f__Microdochiaceae;g__Microdochium"}},{"id": "39", "metadata": {"taxonomy": "sk__Eukaryota;k__Fungi;p__Basidiomycota"}},{"id": "40", "metadata": {"taxonomy": "sk__Eukaryota;k__Fungi;p__Basidiomycota;c__Agaricomycetes"}},{"id": "41", "metadata": {"taxonomy": "sk__Eukaryota;k__Fungi;p__Basidiomycota;c__Agaricomycetes;o__Agaricales"}},{"id": "43", "metadata": {"taxonomy": "sk__Eukaryota;k__Fungi;p__Basidiomycota;c__Agaricomycetes;o__Agaricales;f__Agaricaceae;g__Agaricus"}},{"id": "44", "metadata": {"taxonomy": "sk__Eukaryota;k__Fungi;p__Basidiomycota;c__Agaricomycetes;o__Agaricales;f__Clavariaceae;g__Clavaria"}},{"id": "46", "metadata": {"taxonomy": "sk__Eukaryota;k__Fungi;p__Basidiomycota;c__Agaricomycetes;o__Sebacinales"}},{"id": "49", "metadata": {"taxonomy": "sk__Eukaryota;k__Fungi;p__Basidiomycota;c__Tremellomycetes;o__Tremellales;f__Cryptococcaceae"}},{"id": "50", "metadata": {"taxonomy": "sk__Eukaryota;k__Fungi;p__Basidiomycota;c__Tremellomycetes;o__Tremellales;f__Cryptococcaceae;g__Cryptococcus"}},{"id": "51", "metadata": {"taxonomy": "sk__Eukaryota;k__Fungi;p__Basidiomycota;c__Tremellomycetes;o__Tremellales;f__Cryptococcaceae;g__Cryptococcus;s__Cryptococcus_sp._(in:_Fungi)"}},{"id": "52", "metadata": {"taxonomy": "sk__Eukaryota;k__Fungi;p__Basidiomycota;c__Tremellomycetes;o__Tremellales;f__Rhynchogastremataceae;g__Papiliotrema;s__Papiliotrema_laurentii"}},{"id": "55", "metadata": {"taxonomy": "sk__Eukaryota;k__Fungi;p__Basidiomycota;c__Tremellomycetes;o__Tremellales;f__Trimorphomycetaceae;g__Saitozyma;s__Saitozyma_flava"}},{"id": "56", "metadata": {"taxonomy": "sk__Eukaryota;k__Fungi;p__Mucoromycota;c__Glomeromycetes;o__Diversisporales"}},{"id": "57", "metadata": {"taxonomy": "sk__Eukaryota;k__Viridiplantae;p__Streptophyta"}}],"columns": [{"id": "test", "metadata": null}]}