# Constructed from biom file
#OTU ID	test
1	682.0
2	58.0
3	14.0
4	8.0
7	4.0
8	1.0
9	316.0
11	1.0
12	3.0
13	1.0
16	1.0
17	1.0
18	1.0
19	1.0
20	2.0
23	11.0
24	1.0
25	1.0
26	246.0
27	2.0
28	1.0
29	2.0
30	8.0
31	29.0
32	3.0
33	4.0
34	8.0
35	1.0
36	16.0
37	17.0
38	1.0
39	3.0
40	10.0
41	10.0
43	1.0
44	1.0
46	1.0
49	1.0
50	7.0
51	33.0
52	2.0
55	1.0
56	6.0
57	1.0