A0A379  8969f479c3c7ffb016eb0549099744bc        2281    Pfam    PF00004 ATPase family associated with various cellular activities (AAA) 1631    1802    7.5E-8  T       24-09-2018      IPR003959       ATPase, AAA-type, core  GO:0005524